D:\softwares\cmake\bin\cmake.exe --preset local-debug
-- Selecting Windows SDK version 10.0.26100.0 to target Windows 10.0.26300.
-- Could NOT find WrapVulkanHeaders (missing: Vulkan_INCLUDE_DIR) 
CMake Warning at D:/softwares/Qt/6.11.1/msvc2022_64/lib/cmake/Qt6/QtPublicDependencyHelpers.cmake:339 (message):
  This project is using headers of the GuiPrivate module and will therefore
  be tied to this specific Qt module build version.  Running this project
  against other versions of the Qt modules may crash at any arbitrary point.
  This is not a bug, but a result of using Qt internals.  You have been
  warned!

  You can disable this warning by setting QT_NO_PRIVATE_MODULE_WARNING to ON.
Call Stack (most recent call first):
  D:/softwares/Qt/6.11.1/msvc2022_64/lib/cmake/Qt6GuiPrivate/Qt6GuiPrivateConfig.cmake:48 (_qt_internal_show_private_module_warning)
  D:/softwares/Qt/6.11.1/msvc2022_64/lib/cmake/Qt6/Qt6Config.cmake:253 (find_package)
  CMakeLists.txt:17 (find_package)


-- Could NOT find WrapVulkanHeaders (missing: Vulkan_INCLUDE_DIR) 
D:/project/signal_studio_rebuild/ui/charts/shaders/heatmap.frag -> heatmap.frag.qsb exposed as :/signalstudio/shaders/heatmap.frag.qsb
D:/project/signal_studio_rebuild/ui/charts/shaders/texture.vert -> texture.vert.qsb exposed as :/signalstudio/shaders/texture.vert.qsb
D:/project/signal_studio_rebuild/ui/charts/shaders/texture.frag -> texture.frag.qsb exposed as :/signalstudio/shaders/texture.frag.qsb
D:/project/signal_studio_rebuild/ui/charts/shaders/heatmap.frag -> heatmap.frag.qsb exposed as :/signalstudio/shaders/heatmap.frag.qsb
D:/project/signal_studio_rebuild/ui/charts/shaders/texture.vert -> texture.vert.qsb exposed as :/signalstudio/shaders/texture.vert.qsb
D:/project/signal_studio_rebuild/ui/charts/shaders/texture.frag -> texture.frag.qsb exposed as :/signalstudio/shaders/texture.frag.qsb
D:/project/signal_studio_rebuild/ui/charts/shaders/heatmap.frag -> heatmap.frag.qsb exposed as :/signalstudio/shaders/heatmap.frag.qsb
D:/project/signal_studio_rebuild/ui/charts/shaders/texture.vert -> texture.vert.qsb exposed as :/signalstudio/shaders/texture.vert.qsb
D:/project/signal_studio_rebuild/ui/charts/shaders/texture.frag -> texture.frag.qsb exposed as :/signalstudio/shaders/texture.frag.qsb
-- Configuring done (0.3s)
-- Generating done (1.4s)
-- Build files have been written to: D:/project/signal_studio_rebuild/out/vs2026-qt611-debug
D:\softwares\cmake\bin\cmake.exe --build --preset local-debug --parallel 8
适用于 .NET Framework MSBuild 版本 18.10.1-1.26427.6+3cd27c13e

  正在扫描源以查找模块依赖项...
  正在扫描源以查找模块依赖项...
  正在扫描源以查找模块依赖项...
  SignalStudioCore.vcxproj -> D:\project\signal_studio_rebuild\out\vs2026-qt611-debug\lib\Debug\SignalStudioCore.lib
  SignalStudioDisplaySamplingTests.vcxproj -> D:\project\signal_studio_rebuild\out\vs2026-qt611-debug_bin\SignalStudioDisplaySamplingTests.exe
  SignalStudioBrand.vcxproj -> D:\project\signal_studio_rebuild\out\vs2026-qt611-debug\lib\Debug\SignalStudioBrand.lib
  正在扫描源以查找模块依赖项...
  channel_processor.cpp
  int16_iq_file.cpp
  正在编译...
  int16_iq_file.cpp
  channel_processor.cpp
  SignalStudioInfrastructure.vcxproj -> D:\project\signal_studio_rebuild\out\vs2026-qt611-debug\lib\Debug\SignalStudioInfrastructure.lib
  Automatic MOC for target SignalStudioSampleFormatTests
  Automatic MOC for target SignalStudioImportTests
  正在扫描源以查找模块依赖项...
  正在扫描源以查找模块依赖项...
  正在扫描源以查找模块依赖项...
  Automatic MOC for target SignalStudio
  SignalStudioChannelProcessorTests.vcxproj -> D:\project\signal_studio_rebuild\out\vs2026-qt611-debug_bin\SignalStudioChannelProcessorTests.exe
  SignalStudioImportTests.vcxproj -> D:\project\signal_studio_rebuild\out\vs2026-qt611-debug_bin\SignalStudioImportTests.exe
  sample_format_tests.cpp
  正在扫描源以查找模块依赖项...
  narrowband_workspace.cpp
  signal_import_dialog.cpp
  source_preview_widget.cpp
  main_window.cpp
  plot_widget.cpp
  正在编译...
  sample_format_tests.cpp
  正在编译...
  source_preview_widget.cpp
  signal_import_dialog.cpp
  main_window.cpp
  narrowband_workspace.cpp
  plot_widget.cpp
D:\project\signal_studio_rebuild\tests\sample_format_tests.cpp(88,123): warning C4456: “cache”的声明隐藏了上一个本地声明 [D:\project\signal_studio_rebuild\out\vs2026-qt611-debug\SignalStudioSampleFormatTests.vcxproj]
      D:\project\signal_studio_rebuild\tests\sample_format_tests.cpp(29,24):
      参见“cache”的声明
  
D:\project\signal_studio_rebuild\tests\sample_format_tests.cpp(153,37): warning C4834: 放弃具有 [[nodiscard]] 属性的函数的返回值 [D:\project\signal_studio_rebuild\out\vs2026-qt611-debug\SignalStudioSampleFormatTests.vcxproj]
D:\project\signal_studio_rebuild\tests\sample_format_tests.cpp(161,150): warning C4389: '==': 有符号/无符号不匹配 [D:\project\signal_studio_rebuild\out\vs2026-qt611-debug\SignalStudioSampleFormatTests.vcxproj]
D:\project\signal_studio_rebuild\tests\sample_format_tests.cpp(165,39): warning C4834: 放弃具有 [[nodiscard]] 属性的函数的返回值 [D:\project\signal_studio_rebuild\out\vs2026-qt611-debug\SignalStudioSampleFormatTests.vcxproj]
D:\project\signal_studio_rebuild\tests\sample_format_tests.cpp(167,43): warning C4834: 放弃具有 [[nodiscard]] 属性的函数的返回值 [D:\project\signal_studio_rebuild\out\vs2026-qt611-debug\SignalStudioSampleFormatTests.vcxproj]
D:\project\signal_studio_rebuild\tests\sample_format_tests.cpp(170,32): warning C4834: 放弃具有 [[nodiscard]] 属性的函数的返回值 [D:\project\signal_studio_rebuild\out\vs2026-qt611-debug\SignalStudioSampleFormatTests.vcxproj]
D:\project\signal_studio_rebuild\ui\import\source_preview_widget.cpp(21,10): warning C4458: “data”的声明隐藏了类成员 [D:\project\signal_studio_rebuild\out\vs2026-qt611-debug\SignalStudio.vcxproj]
      D:\softwares\Qt\6.11.1\msvc2022_64\include\QtWidgets\qwidget.h(785,18):
      参见“QWidget::data”的声明
  
  SignalStudioSampleFormatTests.vcxproj -> D:\project\signal_studio_rebuild\out\vs2026-qt611-debug_bin\SignalStudioSampleFormatTests.exe
  SignalStudio.vcxproj -> D:\project\signal_studio_rebuild\out\vs2026-qt611-debug_bin\SignalStudio.exe
  Deploying Qt and compiler runtime to the standalone output directory
  Adding local dependencyD:/project/signal_studio_rebuild/out/vs2026-qt611-debug_bin/MSVCP140D.dll
  Adding local dependencyD:/project/signal_studio_rebuild/out/vs2026-qt611-debug_bin/MSVCP140_2D.dll
  Adding local dependencyD:/project/signal_studio_rebuild/out/vs2026-qt611-debug_bin/VCRUNTIME140D.dll
  Adding local dependencyD:/project/signal_studio_rebuild/out/vs2026-qt611-debug_bin/VCRUNTIME140_1D.dll
  Adding local dependencyD:/project/signal_studio_rebuild/out/vs2026-qt611-debug_bin/ucrtbased.dll
  Adding local dependencyD:/project/signal_studio_rebuild/out/vs2026-qt611-debug_bin/MSVCP140_1D.dll
  D:\project\signal_studio_rebuild\out\vs2026-qt611-debug_bin\SignalStudio.exe 64 bit, debug executable
  Adding in plugin type generic for module: Qt6Gui
  Adding Qt6Network for qtuiotouchplugind.dll from plugin type: generic
  Adding in plugin type iconengines for module: Qt6Gui
  Adding Qt6Svg for qsvgicond.dll from plugin type: iconengines
  Adding in plugin type imageformats for module: Qt6Gui
EXEC : warning : Cannot find any version of the dxcompiler.dll and dxil.dll. This is not a problem unless Direct3D 12 and certain features are used by the application. [D:\project\signal_studio_rebuild\out\vs2026-qt611-debug\SignalStudio.vcxproj]
  Adding in plugin type networkinformation for module: Qt6Network
  Adding in plugin type platforminputcontexts for module: Qt6Gui
  Skipping plugin qtvirtualkeyboardplugind.dll due to disabled dependencies (Qt6Qml Qt6Quick).
  Adding in plugin type platforms for module: Qt6Gui
  Adding in plugin type styles for module: Qt6Widgets
  Adding in plugin type tls for module: Qt6Network
  Skipping plugin qopensslbackendd.dll. Use -force-openssl or specify -openssl-root if you want to use it.
  Performing additional pass of finding Qt plugins due to updated Qt module list: Qt6Core Qt6Gui Qt6Network Qt6Svg Qt6Widgets
  Adding in plugin type generic for module: Qt6Gui
  Adding in plugin type iconengines for module: Qt6Gui
  Adding in plugin type imageformats for module: Qt6Gui
  Adding in plugin type networkinformation for module: Qt6Network
  Adding in plugin type platforminputcontexts for module: Qt6Gui
  Skipping plugin qtvirtualkeyboardplugind.dll due to disabled dependencies (Qt6Qml Qt6Quick).
  Adding in plugin type platforms for module: Qt6Gui
  Adding in plugin type styles for module: Qt6Widgets
  Adding in plugin type tls for module: Qt6Network
  Skipping plugin qopensslbackendd.dll. Use -force-openssl or specify -openssl-root if you want to use it.
  Direct dependencies: Qt6Core Qt6Gui Qt6Widgets
  All dependencies   : Qt6Core Qt6Gui Qt6Widgets
  To be deployed     : Qt6Core Qt6Gui Qt6Network Qt6Svg Qt6Widgets
  Skipping system library C:/WINDOWS/system32/icuuc.dll
  Qt6Cored.dll is up to date.
  Qt6Guid.dll is up to date.
  Qt6Networkd.dll is up to date.
  Qt6Svgd.dll is up to date.
  Qt6Widgetsd.dll is up to date.
  opengl32sw.dll is up to date.
  D3Dcompiler_47.dll is up to date.
  concrt140d.dll is up to date.
  msvcp140_1d.dll is up to date.
  msvcp140_2d.dll is up to date.
  msvcp140d.dll is up to date.
  msvcp140d_atomic_wait.dll is up to date.
  msvcp140d_codecvt_ids.dll is up to date.
  vccorlib140d.dll is up to date.
  vcruntime140_1d.dll is up to date.
  vcruntime140_threadsd.dll is up to date.
  vcruntime140d.dll is up to date.
  qtuiotouchplugind.dll is up to date.
  qsvgicond.dll is up to date.
  qgifd.dll is up to date.
  qicnsd.dll is up to date.
  qicod.dll is up to date.
  qjpegd.dll is up to date.
  qsvgd.dll is up to date.
  qtgad.dll is up to date.
  qtiffd.dll is up to date.
  qwbmpd.dll is up to date.
  qwebpd.dll is up to date.
  qnetworklistmanagerd.dll is up to date.
  qminimald.dll is up to date.
  qoffscreend.dll is up to date.
  qwindowsd.dll is up to date.
  qmodernwindowsstyled.dll is up to date.
  qcertonlybackendd.dll is up to date.
  qschannelbackendd.dll is up to date.
  -- Staged 10 x64 Debug CRT DLLs from C:/Program Files/Microsoft Visual Studio/18/Community/VC/Redist/MSVC/14.51.36231/debug_nonredist/x64/Microsoft.VC145.DebugCRT
  -- Staged debug UCRT from C:\Program Files (x86)\Windows Kits\10\/bin/10.0.26100.0/x64/ucrt/ucrtbased.dll
  Automatic MOC for target SignalStudioUiTests
  Automatic MOC for target SignalStudioUiCapture
  正在扫描源以查找模块依赖项...
  正在扫描源以查找模块依赖项...
  core_tests.cpp
  正在扫描源以查找模块依赖项...
  正在扫描源以查找模块依赖项...
  SignalStudioSpectralAnalysisTests.vcxproj -> D:\project\signal_studio_rebuild\out\vs2026-qt611-debug_bin\SignalStudioSpectralAnalysisTests.exe
  main_window.cpp
  signal_import_dialog.cpp
  plot_widget.cpp
  source_preview_widget.cpp
  plot_widget.cpp
  source_preview_widget.cpp
  signal_import_dialog.cpp
  narrowband_workspace.cpp
  main_window.cpp
  narrowband_workspace.cpp
  正在编译...
  core_tests.cpp
  正在编译...
  正在编译...
  signal_import_dialog.cpp
  plot_widget.cpp
  signal_import_dialog.cpp
  narrowband_workspace.cpp
  plot_widget.cpp
  main_window.cpp
  narrowband_workspace.cpp
  main_window.cpp
  source_preview_widget.cpp
  source_preview_widget.cpp
D:\project\signal_studio_rebuild\ui\import\source_preview_widget.cpp(21,10): warning C4458: “data”的声明隐藏了类成员 [D:\project\signal_studio_rebuild\out\vs2026-qt611-debug\SignalStudioUiCapture.vcxproj]
      D:\softwares\Qt\6.11.1\msvc2022_64\include\QtWidgets\qwidget.h(785,18):
      参见“QWidget::data”的声明
  
D:\project\signal_studio_rebuild\ui\import\source_preview_widget.cpp(21,10): warning C4458: “data”的声明隐藏了类成员 [D:\project\signal_studio_rebuild\out\vs2026-qt611-debug\SignalStudioUiTests.vcxproj]
      D:\softwares\Qt\6.11.1\msvc2022_64\include\QtWidgets\qwidget.h(785,18):
      参见“QWidget::data”的声明
  
  SignalStudioCoreTests.vcxproj -> D:\project\signal_studio_rebuild\out\vs2026-qt611-debug_bin\SignalStudioCoreTests.exe
  SignalStudioUiTests.vcxproj -> D:\project\signal_studio_rebuild\out\vs2026-qt611-debug_bin\SignalStudioUiTests.exe
  SignalStudioUiCapture.vcxproj -> D:\project\signal_studio_rebuild\out\vs2026-qt611-debug_bin\SignalStudioUiCapture.exe
D:\softwares\cmake\bin\ctest.exe --preset local-debug --output-on-failure
Test project D:/project/signal_studio_rebuild/out/vs2026-qt611-debug
    Start 1: signal_studio_import
1/7 Test #1: signal_studio_import ..............   Passed    0.72 sec
    Start 2: signal_studio_sample_format
2/7 Test #2: signal_studio_sample_format .......   Passed    3.76 sec
    Start 3: signal_studio_core
3/7 Test #3: signal_studio_core ................   Passed    0.68 sec
    Start 4: signal_studio_channel_processor
4/7 Test #4: signal_studio_channel_processor ...   Passed    0.84 sec
    Start 5: signal_studio_spectral_analysis
5/7 Test #5: signal_studio_spectral_analysis ...   Passed    1.21 sec
    Start 6: signal_studio_display_sampling
6/7 Test #6: signal_studio_display_sampling ....   Passed    0.02 sec
    Start 7: signal_studio_ui
7/7 Test #7: signal_studio_ui ..................   Passed  234.36 sec

100% tests passed, 0 tests failed out of 7

Total Test time (real) = 241.62 sec
