适用于 .NET Framework MSBuild 版本 18.10.1-1.26427.6+3cd27c13e

  正在扫描源以查找模块依赖项...
  正在扫描源以查找模块依赖项...
  SignalStudioCore.vcxproj -> D:\project\signal_studio_rebuild\out\vs2026-qt611-debug\lib\Debug\SignalStudioCore.lib
  SignalStudioDisplaySamplingTests.vcxproj -> D:\project\signal_studio_rebuild\out\vs2026-qt611-debug_bin\SignalStudioDisplaySamplingTests.exe
  正在扫描源以查找模块依赖项...
  SignalStudioInfrastructure.vcxproj -> D:\project\signal_studio_rebuild\out\vs2026-qt611-debug\lib\Debug\SignalStudioInfrastructure.lib
  Automatic MOC for target SignalStudio
  正在扫描源以查找模块依赖项...
  SignalStudioChannelProcessorTests.vcxproj -> D:\project\signal_studio_rebuild\out\vs2026-qt611-debug_bin\SignalStudioChannelProcessorTests.exe
  正在扫描源以查找模块依赖项...
  spectral_settings_widget.cpp
  narrowband_workspace.cpp
  main_window.cpp
  正在编译...
  spectral_settings_widget.cpp
  main_window.cpp
  narrowband_workspace.cpp
  SignalStudio.vcxproj -> D:\project\signal_studio_rebuild\out\vs2026-qt611-debug_bin\SignalStudio.exe
  Deploying Qt and compiler runtime to the standalone output directory
  Adding local dependencyD:/project/signal_studio_rebuild/out/vs2026-qt611-debug_bin/MSVCP140D.dll
  Adding local dependencyD:/project/signal_studio_rebuild/out/vs2026-qt611-debug_bin/MSVCP140_2D.dll
  Adding local dependencyD:/project/signal_studio_rebuild/out/vs2026-qt611-debug_bin/VCRUNTIME140D.dll
  Adding local dependencyD:/project/signal_studio_rebuild/out/vs2026-qt611-debug_bin/VCRUNTIME140_1D.dll
  Adding local dependencyD:/project/signal_studio_rebuild/out/vs2026-qt611-debug_bin/ucrtbased.dll
  Adding local dependencyD:/project/signal_studio_rebuild/out/vs2026-qt611-debug_bin/MSVCP140_1D.dll
  D:\project\signal_studio_rebuild\out\vs2026-qt611-debug_bin\SignalStudio.exe 64 bit, debug executable
  Adding in plugin type generic for module: Qt6Gui
  Adding Qt6Network for qtuiotouchplugind.dll from plugin type: generic
  Adding in plugin type iconengines for module: Qt6Gui
  Adding Qt6Svg for qsvgicond.dll from plugin type: iconengines
  Adding in plugin type imageformats for module: Qt6Gui
EXEC : warning : Cannot find any version of the dxcompiler.dll and dxil.dll. This is not a problem unless Direct3D 12 and certain features are used by the application. [D:\project\signal_studio_rebuild\out\vs2026-qt611-debug\SignalStudio.vcxproj]
  Adding in plugin type networkinformation for module: Qt6Network
  Adding in plugin type platforminputcontexts for module: Qt6Gui
  Skipping plugin qtvirtualkeyboardplugind.dll due to disabled dependencies (Qt6Qml Qt6Quick).
  Adding in plugin type platforms for module: Qt6Gui
  Adding in plugin type styles for module: Qt6Widgets
  Adding in plugin type tls for module: Qt6Network
  Skipping plugin qopensslbackendd.dll. Use -force-openssl or specify -openssl-root if you want to use it.
  Performing additional pass of finding Qt plugins due to updated Qt module list: Qt6Core Qt6Gui Qt6Network Qt6Svg Qt6Widgets
  Adding in plugin type generic for module: Qt6Gui
  Adding in plugin type iconengines for module: Qt6Gui
  Adding in plugin type imageformats for module: Qt6Gui
  Adding in plugin type networkinformation for module: Qt6Network
  Adding in plugin type platforminputcontexts for module: Qt6Gui
  Skipping plugin qtvirtualkeyboardplugind.dll due to disabled dependencies (Qt6Qml Qt6Quick).
  Adding in plugin type platforms for module: Qt6Gui
  Adding in plugin type styles for module: Qt6Widgets
  Adding in plugin type tls for module: Qt6Network
  Skipping plugin qopensslbackendd.dll. Use -force-openssl or specify -openssl-root if you want to use it.
  Direct dependencies: Qt6Core Qt6Gui Qt6Widgets
  All dependencies   : Qt6Core Qt6Gui Qt6Widgets
  To be deployed     : Qt6Core Qt6Gui Qt6Network Qt6Svg Qt6Widgets
  Skipping system library C:/WINDOWS/system32/icuuc.dll
  Qt6Cored.dll is up to date.
  Qt6Guid.dll is up to date.
  Qt6Networkd.dll is up to date.
  Qt6Svgd.dll is up to date.
  Qt6Widgetsd.dll is up to date.
  opengl32sw.dll is up to date.
  D3Dcompiler_47.dll is up to date.
  concrt140d.dll is up to date.
  msvcp140_1d.dll is up to date.
  msvcp140_2d.dll is up to date.
  msvcp140d.dll is up to date.
  msvcp140d_atomic_wait.dll is up to date.
  msvcp140d_codecvt_ids.dll is up to date.
  vccorlib140d.dll is up to date.
  vcruntime140_1d.dll is up to date.
  vcruntime140_threadsd.dll is up to date.
  vcruntime140d.dll is up to date.
  qtuiotouchplugind.dll is up to date.
  qsvgicond.dll is up to date.
  qgifd.dll is up to date.
  qicnsd.dll is up to date.
  qicod.dll is up to date.
  qjpegd.dll is up to date.
  qsvgd.dll is up to date.
  qtgad.dll is up to date.
  qtiffd.dll is up to date.
  qwbmpd.dll is up to date.
  qwebpd.dll is up to date.
  qnetworklistmanagerd.dll is up to date.
  qminimald.dll is up to date.
  qoffscreend.dll is up to date.
  qwindowsd.dll is up to date.
  qmodernwindowsstyled.dll is up to date.
  qcertonlybackendd.dll is up to date.
  qschannelbackendd.dll is up to date.
  -- Staged 10 x64 Debug CRT DLLs from C:/Program Files/Microsoft Visual Studio/18/Community/VC/Redist/MSVC/14.51.36231/debug_nonredist/x64/Microsoft.VC145.DebugCRT
  -- Staged debug UCRT from C:\Program Files (x86)\Windows Kits\10\/bin/10.0.26100.0/x64/ucrt/ucrtbased.dll
  Automatic MOC for target SignalStudioUiTests
  Automatic MOC for target SignalStudioUiCapture
  正在扫描源以查找模块依赖项...
  正在扫描源以查找模块依赖项...
  正在扫描源以查找模块依赖项...
  正在扫描源以查找模块依赖项...
  SignalStudioSpectralAnalysisTests.vcxproj -> D:\project\signal_studio_rebuild\out\vs2026-qt611-debug_bin\SignalStudioSpectralAnalysisTests.exe
  SignalStudioCoreTests.vcxproj -> D:\project\signal_studio_rebuild\out\vs2026-qt611-debug_bin\SignalStudioCoreTests.exe
  main_window.cpp
  narrowband_workspace.cpp
  ui_tests.cpp
  spectral_settings_widget.cpp
  spectral_settings_widget.cpp
  narrowband_workspace.cpp
  main_window.cpp
  正在编译...
  正在编译...
  spectral_settings_widget.cpp
  narrowband_workspace.cpp
  main_window.cpp
  spectral_settings_widget.cpp
  main_window.cpp
  ui_tests.cpp
  narrowband_workspace.cpp
  SignalStudioUiCapture.vcxproj -> D:\project\signal_studio_rebuild\out\vs2026-qt611-debug_bin\SignalStudioUiCapture.exe
  SignalStudioUiTests.vcxproj -> D:\project\signal_studio_rebuild\out\vs2026-qt611-debug_bin\SignalStudioUiTests.exe
