********* Start testing of UiTests *********
Config: Using QtTest library 6.11.1, Qt 6.11.1 (x86_64-little_endian-llp64 shared (dynamic) debug build; by MSVC 2022), windows 11
PASS   : UiTests::initTestCase()
QWARN  : UiTests::pinnedAxisLabelsSurviveLeave() QFontDatabase: Cannot find font directory D:/project/signal_studio_rebuild/out/vs2026-qt611-debug_bin/lib/fonts.
Note that Qt no longer ships fonts. Deploy some (from https://dejavu-fonts.github.io/ for example) or switch to fontconfig.
QWARN  : UiTests::pinnedAxisLabelsSurviveLeave() QRhiWidget: QRhi is not supported on this platform.
QWARN  : UiTests::pinnedAxisLabelsSurviveLeave() QRhiWidget: QRhi is not supported on this platform.
QWARN  : UiTests::pinnedAxisLabelsSurviveLeave() QRhiWidget: QRhi is not supported on this platform.
QWARN  : UiTests::pinnedAxisLabelsSurviveLeave() QRhiWidget: QRhi is not supported on this platform.
QWARN  : UiTests::pinnedAxisLabelsSurviveLeave() QRhiWidget: QRhi is not supported on this platform.
QWARN  : UiTests::pinnedAxisLabelsSurviveLeave() QRhiWidget: QRhi is not supported on this platform.
QWARN  : UiTests::pinnedAxisLabelsSurviveLeave() QRhiWidget: QRhi is not supported on this platform.
QWARN  : UiTests::pinnedAxisLabelsSurviveLeave() QRhiWidget: QRhi is not supported on this platform.
QWARN  : UiTests::pinnedAxisLabelsSurviveLeave() QRhiWidget: QRhi is not supported on this platform.
QWARN  : UiTests::pinnedAxisLabelsSurviveLeave() QRhiWidget: QRhi is not supported on this platform.
QWARN  : UiTests::pinnedAxisLabelsSurviveLeave() QRhiWidget: QRhi is not supported on this platform.
QWARN  : UiTests::pinnedAxisLabelsSurviveLeave() This plugin does not support grabbing the mouse
QWARN  : UiTests::pinnedAxisLabelsSurviveLeave() This plugin does not support grabbing the mouse
QWARN  : UiTests::pinnedAxisLabelsSurviveLeave() This plugin does not support grabbing the mouse
QWARN  : UiTests::pinnedAxisLabelsSurviveLeave() This plugin does not support grabbing the mouse
QWARN  : UiTests::pinnedAxisLabelsSurviveLeave() This plugin does not support grabbing the mouse
QWARN  : UiTests::pinnedAxisLabelsSurviveLeave() This plugin does not support grabbing the mouse
QWARN  : UiTests::pinnedAxisLabelsSurviveLeave() QRhiWidget: No QRhi
QWARN  : UiTests::pinnedAxisLabelsSurviveLeave() QRhiWidget: No QRhi
QWARN  : UiTests::pinnedAxisLabelsSurviveLeave() QRhiWidget: No QRhi
QWARN  : UiTests::pinnedAxisLabelsSurviveLeave() QRhiWidget: No QRhi
QWARN  : UiTests::pinnedAxisLabelsSurviveLeave() This plugin does not support grabbing the mouse
QWARN  : UiTests::pinnedAxisLabelsSurviveLeave() This plugin does not support grabbing the mouse
PASS   : UiTests::pinnedAxisLabelsSurviveLeave()
QWARN  : UiTests::powerInputsAreImmediateAndFitReusesData() QRhiWidget: QRhi is not supported on this platform.
QWARN  : UiTests::powerInputsAreImmediateAndFitReusesData() QRhiWidget: QRhi is not supported on this platform.
QWARN  : UiTests::powerInputsAreImmediateAndFitReusesData() QRhiWidget: QRhi is not supported on this platform.
QWARN  : UiTests::powerInputsAreImmediateAndFitReusesData() QRhiWidget: QRhi is not supported on this platform.
QWARN  : UiTests::powerInputsAreImmediateAndFitReusesData() QRhiWidget: QRhi is not supported on this platform.
QWARN  : UiTests::powerInputsAreImmediateAndFitReusesData() QRhiWidget: QRhi is not supported on this platform.
QWARN  : UiTests::powerInputsAreImmediateAndFitReusesData() QRhiWidget: QRhi is not supported on this platform.
QWARN  : UiTests::powerInputsAreImmediateAndFitReusesData() QRhiWidget: QRhi is not supported on this platform.
QWARN  : UiTests::powerInputsAreImmediateAndFitReusesData() QRhiWidget: QRhi is not supported on this platform.
QWARN  : UiTests::powerInputsAreImmediateAndFitReusesData() QRhiWidget: QRhi is not supported on this platform.
QWARN  : UiTests::powerInputsAreImmediateAndFitReusesData() QRhiWidget: QRhi is not supported on this platform.
QWARN  : UiTests::powerInputsAreImmediateAndFitReusesData() QRhiWidget: No QRhi
QWARN  : UiTests::powerInputsAreImmediateAndFitReusesData() QRhiWidget: No QRhi
QWARN  : UiTests::powerInputsAreImmediateAndFitReusesData() QRhiWidget: No QRhi
QWARN  : UiTests::powerInputsAreImmediateAndFitReusesData() QRhiWidget: No QRhi
QWARN  : UiTests::powerInputsAreImmediateAndFitReusesData() QRhiWidget: No QRhi
QWARN  : UiTests::powerInputsAreImmediateAndFitReusesData() QRhiWidget: No QRhi
QWARN  : UiTests::powerInputsAreImmediateAndFitReusesData() QRhiWidget: No QRhi
QWARN  : UiTests::powerInputsAreImmediateAndFitReusesData() QRhiWidget: No QRhi
PASS   : UiTests::powerInputsAreImmediateAndFitReusesData()
PASS   : UiTests::cleanupTestCase()
Totals: 4 passed, 0 failed, 0 skipped, 0 blacklisted, 8067ms
********* Finished testing of UiTests *********
