D:\softwares\cmake\bin\cmake.exe --build --preset local-release --parallel 6
适用于 .NET Framework MSBuild 版本 18.10.1-1.26427.6+3cd27c13e

  正在扫描源以查找模块依赖项...
  正在扫描源以查找模块依赖项...
  SignalStudioDisplaySamplingTests.vcxproj -> D:\project\signal_studio_rebuild\out\vs2026-qt611-release_bin\SignalStudioDisplaySamplingTests.exe
  SignalStudioCore.vcxproj -> D:\project\signal_studio_rebuild\out\vs2026-qt611-release\lib\Release\SignalStudioCore.lib
  正在扫描源以查找模块依赖项...
  SignalStudioInfrastructure.vcxproj -> D:\project\signal_studio_rebuild\out\vs2026-qt611-release\lib\Release\SignalStudioInfrastructure.lib
  Automatic MOC for target SignalStudio
  正在扫描源以查找模块依赖项...
  SignalStudioChannelProcessorTests.vcxproj -> D:\project\signal_studio_rebuild\out\vs2026-qt611-release_bin\SignalStudioChannelProcessorTests.exe
  正在扫描源以查找模块依赖项...
  SignalStudio.vcxproj -> D:\project\signal_studio_rebuild\out\vs2026-qt611-release_bin\SignalStudio.exe
  Deploying Qt and compiler runtime to the standalone output directory
  Adding local dependencyD:/project/signal_studio_rebuild/out/vs2026-qt611-release_bin/MSVCP140.dll
  Adding local dependencyD:/project/signal_studio_rebuild/out/vs2026-qt611-release_bin/MSVCP140_2.dll
  Adding local dependencyD:/project/signal_studio_rebuild/out/vs2026-qt611-release_bin/VCRUNTIME140.dll
  Adding local dependencyD:/project/signal_studio_rebuild/out/vs2026-qt611-release_bin/VCRUNTIME140_1.dll
  Adding local dependencyD:/project/signal_studio_rebuild/out/vs2026-qt611-release_bin/MSVCP140_1.dll
  D:\project\signal_studio_rebuild\out\vs2026-qt611-release_bin\SignalStudio.exe 64 bit, release executable
  Adding in plugin type generic for module: Qt6Gui
  Adding Qt6Network for qtuiotouchplugin.dll from plugin type: generic
  Adding in plugin type iconengines for module: Qt6Gui
  Adding Qt6Svg for qsvgicon.dll from plugin type: iconengines
  Adding in plugin type imageformats for module: Qt6Gui
  Adding in plugin type networkinformation for module: Qt6Network
EXEC : warning : Cannot find any version of the dxcompiler.dll and dxil.dll. This is not a problem unless Direct3D 12 and certain features are used by the application. [D:\project\signal_studio_rebuild\out\vs2026-qt611-release\SignalStudio.vcxproj]
  Adding in plugin type platforminputcontexts for module: Qt6Gui
  Skipping plugin qtvirtualkeyboardplugin.dll due to disabled dependencies (Qt6Qml Qt6Quick).
  Adding in plugin type platforms for module: Qt6Gui
  Adding in plugin type styles for module: Qt6Widgets
  Adding in plugin type tls for module: Qt6Network
  Skipping plugin qopensslbackend.dll. Use -force-openssl or specify -openssl-root if you want to use it.
  Performing additional pass of finding Qt plugins due to updated Qt module list: Qt6Core Qt6Gui Qt6Network Qt6Svg Qt6Widgets
  Adding in plugin type generic for module: Qt6Gui
  Adding in plugin type iconengines for module: Qt6Gui
  Adding in plugin type imageformats for module: Qt6Gui
  Adding in plugin type networkinformation for module: Qt6Network
  Adding in plugin type platforminputcontexts for module: Qt6Gui
  Skipping plugin qtvirtualkeyboardplugin.dll due to disabled dependencies (Qt6Qml Qt6Quick).
  Adding in plugin type platforms for module: Qt6Gui
  Adding in plugin type styles for module: Qt6Widgets
  Adding in plugin type tls for module: Qt6Network
  Skipping plugin qopensslbackend.dll. Use -force-openssl or specify -openssl-root if you want to use it.
  Direct dependencies: Qt6Core Qt6Gui Qt6Widgets
  All dependencies   : Qt6Core Qt6Gui Qt6Widgets
  To be deployed     : Qt6Core Qt6Gui Qt6Network Qt6Svg Qt6Widgets
  Skipping system library C:/WINDOWS/system32/icuuc.dll
  Qt6Core.dll is up to date.
  Qt6Gui.dll is up to date.
  Qt6Network.dll is up to date.
  Qt6Svg.dll is up to date.
  Qt6Widgets.dll is up to date.
  opengl32sw.dll is up to date.
  D3Dcompiler_47.dll is up to date.
  vc_redist.x64.exe is up to date.
  qtuiotouchplugin.dll is up to date.
  qsvgicon.dll is up to date.
  qgif.dll is up to date.
  qicns.dll is up to date.
  qico.dll is up to date.
  qjpeg.dll is up to date.
  qsvg.dll is up to date.
  qtga.dll is up to date.
  qtiff.dll is up to date.
  qwbmp.dll is up to date.
  qwebp.dll is up to date.
  qnetworklistmanager.dll is up to date.
  qminimal.dll is up to date.
  qoffscreen.dll is up to date.
  qwindows.dll is up to date.
  qmodernwindowsstyle.dll is up to date.
  qcertonlybackend.dll is up to date.
  qschannelbackend.dll is up to date.
  -- Staged 10 x64 Release CRT DLLs from C:/Program Files/Microsoft Visual Studio/18/Community/VC/Redist/MSVC/14.51.36231/x64/Microsoft.VC145.CRT
  Automatic MOC for target SignalStudioUiTests
  Automatic MOC for target SignalStudioUiCapture
  正在扫描源以查找模块依赖项...
  正在扫描源以查找模块依赖项...
  SignalStudioCoreTests.vcxproj -> D:\project\signal_studio_rebuild\out\vs2026-qt611-release_bin\SignalStudioCoreTests.exe
  SignalStudioUiCapture.vcxproj -> D:\project\signal_studio_rebuild\out\vs2026-qt611-release_bin\SignalStudioUiCapture.exe
  正在扫描源以查找模块依赖项...
  SignalStudioSpectralAnalysisTests.vcxproj -> D:\project\signal_studio_rebuild\out\vs2026-qt611-release_bin\SignalStudioSpectralAnalysisTests.exe
  正在扫描源以查找模块依赖项...
  ui_tests.cpp
  正在编译...
  ui_tests.cpp
  SignalStudioUiTests.vcxproj -> D:\project\signal_studio_rebuild\out\vs2026-qt611-release_bin\SignalStudioUiTests.exe
