-- The C compiler identification is MSVC 19.44.35228.0
-- The CXX compiler identification is MSVC 19.44.35228.0
-- Detecting C compiler ABI info
-- Detecting C compiler ABI info - done
-- Check for working C compiler: C:/Program Files (x86)/Microsoft Visual Studio/2022/BuildTools/VC/Tools/MSVC/14.44.35207/bin/Hostx64/x64/cl.exe - skipped
-- Detecting C compile features
-- Detecting C compile features - done
-- Detecting CXX compiler ABI info
-- Detecting CXX compiler ABI info - done
-- Check for working CXX compiler: C:/Program Files (x86)/Microsoft Visual Studio/2022/BuildTools/VC/Tools/MSVC/14.44.35207/bin/Hostx64/x64/cl.exe - skipped
-- Detecting CXX compile features
-- Detecting CXX compile features - done
CMake Warning at CMakeLists.txt:44 (message):
  CUDA was requested but no CUDA Toolkit/nvcc was found; continuing with the
  supported CPU backend


-- Performing Test CMAKE_HAVE_LIBC_PTHREAD
-- Performing Test CMAKE_HAVE_LIBC_PTHREAD - Failed
-- Looking for pthread_create in pthreads
-- Looking for pthread_create in pthreads - not found
-- Looking for pthread_create in pthread
-- Looking for pthread_create in pthread - not found
-- Found Threads: TRUE
-- Performing Test HAVE_STDATOMIC
-- Performing Test HAVE_STDATOMIC - Success
-- Found WrapAtomic: TRUE
-- Could NOT find WrapVulkanHeaders (missing: Vulkan_INCLUDE_DIR)
-- Found Python3: D:/profiles/anaconda/python.exe (found version "3.13.12") found components: Interpreter
-- Signal Processing Platform 1.0.0
-- UI components: ON
-- Qt: 6.11.1 (D:/softwares/Qt/6.11.1/msvc2022_64/lib/cmake/Qt6)
-- CUDA mode: ON; toolkit available: OFF
-- Configuring done (4.1s)
-- Generating done (0.1s)
-- Build files have been written to: D:/coding/signal_studio_prj/signal_studio_dev/build/windows-msvc-cuda-release
